------------------------------------------------------------
Timing Analyzer Summary
------------------------------------------------------------

Type  : Slow 1200mV 85C Model Setup 'clk'
Slack : -4.528
TNS   : -66.371

Type  : Slow 1200mV 85C Model Setup 'current_state.idle'
Slack : -2.549
TNS   : -9.286

Type  : Slow 1200mV 85C Model Setup 'clk_divider:DIVIDER|clk_div'
Slack : -2.390
TNS   : -7.473

Type  : Slow 1200mV 85C Model Hold 'clk_divider:DIVIDER|clk_div'
Slack : 0.456
TNS   : 0.000

Type  : Slow 1200mV 85C Model Hold 'clk'
Slack : 0.645
TNS   : 0.000

Type  : Slow 1200mV 85C Model Hold 'current_state.idle'
Slack : 1.491
TNS   : 0.000

Type  : Slow 1200mV 85C Model Minimum Pulse Width 'clk'
Slack : -3.000
TNS   : -49.299

Type  : Slow 1200mV 85C Model Minimum Pulse Width 'clk_divider:DIVIDER|clk_div'
Slack : -1.403
TNS   : -9.821

Type  : Slow 1200mV 85C Model Minimum Pulse Width 'current_state.idle'
Slack : 0.349
TNS   : 0.000

Type  : Slow 1200mV 0C Model Setup 'clk'
Slack : -4.142
TNS   : -57.137

Type  : Slow 1200mV 0C Model Setup 'current_state.idle'
Slack : -2.293
TNS   : -8.318

Type  : Slow 1200mV 0C Model Setup 'clk_divider:DIVIDER|clk_div'
Slack : -2.062
TNS   : -6.464

Type  : Slow 1200mV 0C Model Hold 'clk_divider:DIVIDER|clk_div'
Slack : 0.421
TNS   : 0.000

Type  : Slow 1200mV 0C Model Hold 'clk'
Slack : 0.597
TNS   : 0.000

Type  : Slow 1200mV 0C Model Hold 'current_state.idle'
Slack : 1.339
TNS   : 0.000

Type  : Slow 1200mV 0C Model Minimum Pulse Width 'clk'
Slack : -3.000
TNS   : -49.299

Type  : Slow 1200mV 0C Model Minimum Pulse Width 'clk_divider:DIVIDER|clk_div'
Slack : -1.403
TNS   : -9.821

Type  : Slow 1200mV 0C Model Minimum Pulse Width 'current_state.idle'
Slack : 0.424
TNS   : 0.000

Type  : Fast 1200mV 0C Model Setup 'clk'
Slack : -1.482
TNS   : -9.390

Type  : Fast 1200mV 0C Model Setup 'clk_divider:DIVIDER|clk_div'
Slack : -0.551
TNS   : -1.129

Type  : Fast 1200mV 0C Model Setup 'current_state.idle'
Slack : -0.502
TNS   : -1.724

Type  : Fast 1200mV 0C Model Hold 'clk_divider:DIVIDER|clk_div'
Slack : 0.174
TNS   : 0.000

Type  : Fast 1200mV 0C Model Hold 'clk'
Slack : 0.250
TNS   : 0.000

Type  : Fast 1200mV 0C Model Hold 'current_state.idle'
Slack : 0.426
TNS   : 0.000

Type  : Fast 1200mV 0C Model Minimum Pulse Width 'clk'
Slack : -3.000
TNS   : -37.135

Type  : Fast 1200mV 0C Model Minimum Pulse Width 'clk_divider:DIVIDER|clk_div'
Slack : -1.000
TNS   : -7.000

Type  : Fast 1200mV 0C Model Minimum Pulse Width 'current_state.idle'
Slack : 0.328
TNS   : 0.000

------------------------------------------------------------
